// Vitest Snapshot v1, https://vitest.dev/guide/snapshot.html

exports[`homeView > renders the empty state 1`] = `
{
  "blocks": [
    {
      "text": {
        "emoji": true,
        "text": "Meeting Mouse",
        "type": "plain_text",
      },
      "type": "header",
    },
    {
      "text": {
        "text": "Run \`/when\` in any channel to start an availability poll. Everyone marks when they're free in their own time zone, and the message updates live.",
        "type": "mrkdwn",
      },
      "type": "section",
    },
    {
      "type": "divider",
    },
    {
      "text": {
        "emoji": true,
        "text": "Polls you organized",
        "type": "plain_text",
      },
      "type": "header",
    },
    {
      "elements": [
        {
          "text": "You haven't started a poll yet. Try \`/when Sprint planning\`.",
          "type": "mrkdwn",
        },
      ],
      "type": "context",
    },
    {
      "type": "divider",
    },
    {
      "text": {
        "emoji": true,
        "text": "Polls you responded to",
        "type": "plain_text",
      },
      "type": "header",
    },
    {
      "elements": [
        {
          "text": "Nothing yet. When someone posts a poll, click *Add my availability*.",
          "type": "mrkdwn",
        },
      ],
      "type": "context",
    },
  ],
  "type": "home",
}
`;
