// Vitest Snapshot v1, https://vitest.dev/guide/snapshot.html

exports[`renderPollMessage > matches the snapshot for a three-day poll with responses 1`] = `
{
  "blocks": [
    {
      "text": {
        "emoji": true,
        "text": "📅 Sprint planning",
        "type": "plain_text",
      },
      "type": "header",
    },
    {
      "elements": [
        {
          "text": "Organized by <@U0000ORG> · 4 responded · times shown in your time zone",
          "type": "mrkdwn",
        },
      ],
      "type": "context",
    },
    {
      "text": {
        "text": "*Best times*
1. <!date^1791302400^{date_short_pretty} {time}|Tue Oct 6 9:00 AM> — 2/4
2. <!date^1791304200^{date_short_pretty} {time}|Tue Oct 6 9:30 AM> — 2/4
3. <!date^1791306000^{date_short_pretty} {time}|Tue Oct 6 10:00 AM> — 2/4",
        "type": "mrkdwn",
      },
      "type": "section",
    },
    {
      "type": "divider",
    },
    {
      "column_settings": [
        {
          "align": "right",
        },
        {
          "align": "center",
        },
        {
          "align": "center",
        },
        {
          "align": "center",
        },
      ],
      "rows": [
        [
          {
            "elements": [
              {
                "elements": [
                  {
                    "text": " ",
                    "type": "text",
                  },
                ],
                "type": "rich_text_section",
              },
            ],
            "type": "rich_text",
          },
          {
            "elements": [
              {
                "elements": [
                  {
                    "fallback": "Tue, Oct 6",
                    "format": "{date_short}",
                    "style": {
                      "bold": true,
                    },
                    "timestamp": 1791302400,
                    "type": "date",
                  },
                ],
                "type": "rich_text_section",
              },
            ],
            "type": "rich_text",
          },
          {
            "elements": [
              {
                "elements": [
                  {
                    "fallback": "Wed, Oct 7",
                    "format": "{date_short}",
                    "style": {
                      "bold": true,
                    },
                    "timestamp": 1791388800,
                    "type": "date",
                  },
                ],
                "type": "rich_text_section",
              },
            ],
            "type": "rich_text",
          },
          {
            "elements": [
              {
                "elements": [
                  {
                    "fallback": "Thu, Oct 8",
                    "format": "{date_short}",
                    "style": {
                      "bold": true,
                    },
                    "timestamp": 1791475200,
                    "type": "date",
                  },
                ],
                "type": "rich_text_section",
              },
            ],
            "type": "rich_text",
          },
        ],
        [
          {
            "elements": [
              {
                "elements": [
                  {
                    "fallback": "9:00 AM",
                    "format": "{time}",
                    "timestamp": 1791302400,
                    "type": "date",
                  },
                ],
                "type": "rich_text_section",
              },
            ],
            "type": "rich_text",
          },
          {
            "elements": [
              {
                "elements": [
                  {
                    "name": "large_yellow_square",
                    "type": "emoji",
                  },
                  {
                    "text": " 2",
                    "type": "text",
                  },
                ],
                "type": "rich_text_section",
              },
            ],
            "type": "rich_text",
          },
          {
            "elements": [
              {
                "elements": [
                  {
                    "name": "large_yellow_square",
                    "type": "emoji",
                  },
                  {
                    "text": " 2",
                    "type": "text",
                  },
                ],
                "type": "rich_text_section",
              },
            ],
            "type": "rich_text",
          },
          {
            "elements": [
              {
                "elements": [
                  {
                    "name": "large_yellow_square",
                    "type": "emoji",
                  },
                  {
                    "text": " 2",
                    "type": "text",
                  },
                ],
                "type": "rich_text_section",
              },
            ],
            "type": "rich_text",
          },
        ],
        [
          {
            "elements": [
              {
                "elements": [
                  {
                    "fallback": "9:30 AM",
                    "format": "{time}",
                    "timestamp": 1791304200,
                    "type": "date",
                  },
                ],
                "type": "rich_text_section",
              },
            ],
            "type": "rich_text",
          },
          {
            "elements": [
              {
                "elements": [
                  {
                    "name": "large_yellow_square",
                    "type": "emoji",
                  },
                  {
                    "text": " 2",
                    "type": "text",
                  },
                ],
                "type": "rich_text_section",
              },
            ],
            "type": "rich_text",
          },
          {
            "elements": [
              {
                "elements": [
                  {
                    "name": "large_yellow_square",
                    "type": "emoji",
                  },
                  {
                    "text": " 2",
                    "type": "text",
                  },
                ],
                "type": "rich_text_section",
              },
            ],
            "type": "rich_text",
          },
          {
            "elements": [
              {
                "elements": [
                  {
                    "name": "large_orange_square",
                    "type": "emoji",
                  },
                  {
                    "text": " 1",
                    "type": "text",
                  },
                ],
                "type": "rich_text_section",
              },
            ],
            "type": "rich_text",
          },
        ],
        [
          {
            "elements": [
              {
                "elements": [
                  {
                    "fallback": "10:00 AM",
                    "format": "{time}",
                    "timestamp": 1791306000,
                    "type": "date",
                  },
                ],
                "type": "rich_text_section",
              },
            ],
            "type": "rich_text",
          },
          {
            "elements": [
              {
                "elements": [
                  {
                    "name": "large_yellow_square",
                    "type": "emoji",
                  },
                  {
                    "text": " 2",
                    "type": "text",
                  },
                ],
                "type": "rich_text_section",
              },
            ],
            "type": "rich_text",
          },
          {
            "elements": [
              {
                "elements": [
                  {
                    "name": "large_orange_square",
                    "type": "emoji",
                  },
                  {
                    "text": " 1",
                    "type": "text",
                  },
                ],
                "type": "rich_text_section",
              },
            ],
            "type": "rich_text",
          },
          {
            "elements": [
              {
                "elements": [
                  {
                    "name": "large_yellow_square",
                    "type": "emoji",
                  },
                  {
                    "text": " 2",
                    "type": "text",
                  },
                ],
                "type": "rich_text_section",
              },
            ],
            "type": "rich_text",
          },
        ],
        [
          {
            "elements": [
              {
                "elements": [
                  {
                    "fallback": "10:30 AM",
                    "format": "{time}",
                    "timestamp": 1791307800,
                    "type": "date",
                  },
                ],
                "type": "rich_text_section",
              },
            ],
            "type": "rich_text",
          },
          {
            "elements": [
              {
                "elements": [
                  {
                    "name": "large_orange_square",
                    "type": "emoji",
                  },
                  {
                    "text": " 1",
                    "type": "text",
                  },
                ],
                "type": "rich_text_section",
              },
            ],
            "type": "rich_text",
          },
          {
            "elements": [
              {
                "elements": [
                  {
                    "name": "large_yellow_square",
                    "type": "emoji",
                  },
                  {
                    "text": " 2",
                    "type": "text",
                  },
                ],
                "type": "rich_text_section",
              },
            ],
            "type": "rich_text",
          },
          {
            "elements": [
              {
                "elements": [
                  {
                    "name": "large_yellow_square",
                    "type": "emoji",
                  },
                  {
                    "text": " 2",
                    "type": "text",
                  },
                ],
                "type": "rich_text_section",
              },
            ],
            "type": "rich_text",
          },
        ],
        [
          {
            "elements": [
              {
                "elements": [
                  {
                    "fallback": "11:00 AM",
                    "format": "{time}",
                    "timestamp": 1791309600,
                    "type": "date",
                  },
                ],
                "type": "rich_text_section",
              },
            ],
            "type": "rich_text",
          },
          {
            "elements": [
              {
                "elements": [
                  {
                    "name": "large_yellow_square",
                    "type": "emoji",
                  },
                  {
                    "text": " 2",
                    "type": "text",
                  },
                ],
                "type": "rich_text_section",
              },
            ],
            "type": "rich_text",
          },
          {
            "elements": [
              {
                "elements": [
                  {
                    "name": "large_yellow_square",
                    "type": "emoji",
                  },
                  {
                    "text": " 2",
                    "type": "text",
                  },
                ],
                "type": "rich_text_section",
              },
            ],
            "type": "rich_text",
          },
          {
            "elements": [
              {
                "elements": [
                  {
                    "name": "large_yellow_square",
                    "type": "emoji",
                  },
                  {
                    "text": " 2",
                    "type": "text",
                  },
                ],
                "type": "rich_text_section",
              },
            ],
            "type": "rich_text",
          },
        ],
        [
          {
            "elements": [
              {
                "elements": [
                  {
                    "fallback": "11:30 AM",
                    "format": "{time}",
                    "timestamp": 1791311400,
                    "type": "date",
                  },
                ],
                "type": "rich_text_section",
              },
            ],
            "type": "rich_text",
          },
          {
            "elements": [
              {
                "elements": [
                  {
                    "name": "large_yellow_square",
                    "type": "emoji",
                  },
                  {
                    "text": " 2",
                    "type": "text",
                  },
                ],
                "type": "rich_text_section",
              },
            ],
            "type": "rich_text",
          },
          {
            "elements": [
              {
                "elements": [
                  {
                    "name": "large_yellow_square",
                    "type": "emoji",
                  },
                  {
                    "text": " 2",
                    "type": "text",
                  },
                ],
                "type": "rich_text_section",
              },
            ],
            "type": "rich_text",
          },
          {
            "elements": [
              {
                "elements": [
                  {
                    "name": "large_yellow_square",
                    "type": "emoji",
                  },
                  {
                    "text": " 2",
                    "type": "text",
                  },
                ],
                "type": "rich_text_section",
              },
            ],
            "type": "rich_text",
          },
        ],
        [
          {
            "elements": [
              {
                "elements": [
                  {
                    "fallback": "12:00 PM",
                    "format": "{time}",
                    "timestamp": 1791313200,
                    "type": "date",
                  },
                ],
                "type": "rich_text_section",
              },
            ],
            "type": "rich_text",
          },
          {
            "elements": [
              {
                "elements": [
                  {
                    "name": "large_yellow_square",
                    "type": "emoji",
                  },
                  {
                    "text": " 2",
                    "type": "text",
                  },
                ],
                "type": "rich_text_section",
              },
            ],
            "type": "rich_text",
          },
          {
            "elements": [
              {
                "elements": [
                  {
                    "name": "large_yellow_square",
                    "type": "emoji",
                  },
                  {
                    "text": " 2",
                    "type": "text",
                  },
                ],
                "type": "rich_text_section",
              },
            ],
            "type": "rich_text",
          },
          {
            "elements": [
              {
                "elements": [
                  {
                    "name": "large_orange_square",
                    "type": "emoji",
                  },
                  {
                    "text": " 1",
                    "type": "text",
                  },
                ],
                "type": "rich_text_section",
              },
            ],
            "type": "rich_text",
          },
        ],
        [
          {
            "elements": [
              {
                "elements": [
                  {
                    "fallback": "12:30 PM",
                    "format": "{time}",
                    "timestamp": 1791315000,
                    "type": "date",
                  },
                ],
                "type": "rich_text_section",
              },
            ],
            "type": "rich_text",
          },
          {
            "elements": [
              {
                "elements": [
                  {
                    "name": "large_yellow_square",
                    "type": "emoji",
                  },
                  {
                    "text": " 2",
                    "type": "text",
                  },
                ],
                "type": "rich_text_section",
              },
            ],
            "type": "rich_text",
          },
          {
            "elements": [
              {
                "elements": [
                  {
                    "name": "large_orange_square",
                    "type": "emoji",
                  },
                  {
                    "text": " 1",
                    "type": "text",
                  },
                ],
                "type": "rich_text_section",
              },
            ],
            "type": "rich_text",
          },
          {
            "elements": [
              {
                "elements": [
                  {
                    "name": "large_yellow_square",
                    "type": "emoji",
                  },
                  {
                    "text": " 2",
                    "type": "text",
                  },
                ],
                "type": "rich_text_section",
              },
            ],
            "type": "rich_text",
          },
        ],
        [
          {
            "elements": [
              {
                "elements": [
                  {
                    "fallback": "1:00 PM",
                    "format": "{time}",
                    "timestamp": 1791316800,
                    "type": "date",
                  },
                ],
                "type": "rich_text_section",
              },
            ],
            "type": "rich_text",
          },
          {
            "elements": [
              {
                "elements": [
                  {
                    "name": "large_orange_square",
                    "type": "emoji",
                  },
                  {
                    "text": " 1",
                    "type": "text",
                  },
                ],
                "type": "rich_text_section",
              },
            ],
            "type": "rich_text",
          },
          {
            "elements": [
              {
                "elements": [
                  {
                    "name": "large_yellow_square",
                    "type": "emoji",
                  },
                  {
                    "text": " 2",
                    "type": "text",
                  },
                ],
                "type": "rich_text_section",
              },
            ],
            "type": "rich_text",
          },
          {
            "elements": [
              {
                "elements": [
                  {
                    "name": "large_yellow_square",
                    "type": "emoji",
                  },
                  {
                    "text": " 2",
                    "type": "text",
                  },
                ],
                "type": "rich_text_section",
              },
            ],
            "type": "rich_text",
          },
        ],
        [
          {
            "elements": [
              {
                "elements": [
                  {
                    "fallback": "1:30 PM",
                    "format": "{time}",
                    "timestamp": 1791318600,
                    "type": "date",
                  },
                ],
                "type": "rich_text_section",
              },
            ],
            "type": "rich_text",
          },
          {
            "elements": [
              {
                "elements": [
                  {
                    "name": "large_yellow_square",
                    "type": "emoji",
                  },
                  {
                    "text": " 2",
                    "type": "text",
                  },
                ],
                "type": "rich_text_section",
              },
            ],
            "type": "rich_text",
          },
          {
            "elements": [
              {
                "elements": [
                  {
                    "name": "large_yellow_square",
                    "type": "emoji",
                  },
                  {
                    "text": " 2",
                    "type": "text",
                  },
                ],
                "type": "rich_text_section",
              },
            ],
            "type": "rich_text",
          },
          {
            "elements": [
              {
                "elements": [
                  {
                    "name": "large_yellow_square",
                    "type": "emoji",
                  },
                  {
                    "text": " 2",
                    "type": "text",
                  },
                ],
                "type": "rich_text_section",
              },
            ],
            "type": "rich_text",
          },
        ],
        [
          {
            "elements": [
              {
                "elements": [
                  {
                    "fallback": "2:00 PM",
                    "format": "{time}",
                    "timestamp": 1791320400,
                    "type": "date",
                  },
                ],
                "type": "rich_text_section",
              },
            ],
            "type": "rich_text",
          },
          {
            "elements": [
              {
                "elements": [
                  {
                    "name": "large_yellow_square",
                    "type": "emoji",
                  },
                  {
                    "text": " 2",
                    "type": "text",
                  },
                ],
                "type": "rich_text_section",
              },
            ],
            "type": "rich_text",
          },
          {
            "elements": [
              {
                "elements": [
                  {
                    "name": "large_yellow_square",
                    "type": "emoji",
                  },
                  {
                    "text": " 2",
                    "type": "text",
                  },
                ],
                "type": "rich_text_section",
              },
            ],
            "type": "rich_text",
          },
          {
            "elements": [
              {
                "elements": [
                  {
                    "name": "large_yellow_square",
                    "type": "emoji",
                  },
                  {
                    "text": " 2",
                    "type": "text",
                  },
                ],
                "type": "rich_text_section",
              },
            ],
            "type": "rich_text",
          },
        ],
        [
          {
            "elements": [
              {
                "elements": [
                  {
                    "fallback": "2:30 PM",
                    "format": "{time}",
                    "timestamp": 1791322200,
                    "type": "date",
                  },
                ],
                "type": "rich_text_section",
              },
            ],
            "type": "rich_text",
          },
          {
            "elements": [
              {
                "elements": [
                  {
                    "name": "large_yellow_square",
                    "type": "emoji",
                  },
                  {
                    "text": " 2",
                    "type": "text",
                  },
                ],
                "type": "rich_text_section",
              },
            ],
            "type": "rich_text",
          },
          {
            "elements": [
              {
                "elements": [
                  {
                    "name": "large_yellow_square",
                    "type": "emoji",
                  },
                  {
                    "text": " 2",
                    "type": "text",
                  },
                ],
                "type": "rich_text_section",
              },
            ],
            "type": "rich_text",
          },
          {
            "elements": [
              {
                "elements": [
                  {
                    "name": "large_orange_square",
                    "type": "emoji",
                  },
                  {
                    "text": " 1",
                    "type": "text",
                  },
                ],
                "type": "rich_text_section",
              },
            ],
            "type": "rich_text",
          },
        ],
        [
          {
            "elements": [
              {
                "elements": [
                  {
                    "fallback": "3:00 PM",
                    "format": "{time}",
                    "timestamp": 1791324000,
                    "type": "date",
                  },
                ],
                "type": "rich_text_section",
              },
            ],
            "type": "rich_text",
          },
          {
            "elements": [
              {
                "elements": [
                  {
                    "name": "large_yellow_square",
                    "type": "emoji",
                  },
                  {
                    "text": " 2",
                    "type": "text",
                  },
                ],
                "type": "rich_text_section",
              },
            ],
            "type": "rich_text",
          },
          {
            "elements": [
              {
                "elements": [
                  {
                    "name": "large_orange_square",
                    "type": "emoji",
                  },
                  {
                    "text": " 1",
                    "type": "text",
                  },
                ],
                "type": "rich_text_section",
              },
            ],
            "type": "rich_text",
          },
          {
            "elements": [
              {
                "elements": [
                  {
                    "name": "large_yellow_square",
                    "type": "emoji",
                  },
                  {
                    "text": " 2",
                    "type": "text",
                  },
                ],
                "type": "rich_text_section",
              },
            ],
            "type": "rich_text",
          },
        ],
        [
          {
            "elements": [
              {
                "elements": [
                  {
                    "fallback": "3:30 PM",
                    "format": "{time}",
                    "timestamp": 1791325800,
                    "type": "date",
                  },
                ],
                "type": "rich_text_section",
              },
            ],
            "type": "rich_text",
          },
          {
            "elements": [
              {
                "elements": [
                  {
                    "name": "large_orange_square",
                    "type": "emoji",
                  },
                  {
                    "text": " 1",
                    "type": "text",
                  },
                ],
                "type": "rich_text_section",
              },
            ],
            "type": "rich_text",
          },
          {
            "elements": [
              {
                "elements": [
                  {
                    "name": "large_yellow_square",
                    "type": "emoji",
                  },
                  {
                    "text": " 2",
                    "type": "text",
                  },
                ],
                "type": "rich_text_section",
              },
            ],
            "type": "rich_text",
          },
          {
            "elements": [
              {
                "elements": [
                  {
                    "name": "large_yellow_square",
                    "type": "emoji",
                  },
                  {
                    "text": " 2",
                    "type": "text",
                  },
                ],
                "type": "rich_text_section",
              },
            ],
            "type": "rich_text",
          },
        ],
        [
          {
            "elements": [
              {
                "elements": [
                  {
                    "fallback": "4:00 PM",
                    "format": "{time}",
                    "timestamp": 1791327600,
                    "type": "date",
                  },
                ],
                "type": "rich_text_section",
              },
            ],
            "type": "rich_text",
          },
          {
            "elements": [
              {
                "elements": [
                  {
                    "name": "large_yellow_square",
                    "type": "emoji",
                  },
                  {
                    "text": " 2",
                    "type": "text",
                  },
                ],
                "type": "rich_text_section",
              },
            ],
            "type": "rich_text",
          },
          {
            "elements": [
              {
                "elements": [
                  {
                    "name": "large_yellow_square",
                    "type": "emoji",
                  },
                  {
                    "text": " 2",
                    "type": "text",
                  },
                ],
                "type": "rich_text_section",
              },
            ],
            "type": "rich_text",
          },
          {
            "elements": [
              {
                "elements": [
                  {
                    "name": "large_yellow_square",
                    "type": "emoji",
                  },
                  {
                    "text": " 2",
                    "type": "text",
                  },
                ],
                "type": "rich_text_section",
              },
            ],
            "type": "rich_text",
          },
        ],
        [
          {
            "elements": [
              {
                "elements": [
                  {
                    "fallback": "4:30 PM",
                    "format": "{time}",
                    "timestamp": 1791329400,
                    "type": "date",
                  },
                ],
                "type": "rich_text_section",
              },
            ],
            "type": "rich_text",
          },
          {
            "elements": [
              {
                "elements": [
                  {
                    "name": "large_yellow_square",
                    "type": "emoji",
                  },
                  {
                    "text": " 2",
                    "type": "text",
                  },
                ],
                "type": "rich_text_section",
              },
            ],
            "type": "rich_text",
          },
          {
            "elements": [
              {
                "elements": [
                  {
                    "name": "large_yellow_square",
                    "type": "emoji",
                  },
                  {
                    "text": " 2",
                    "type": "text",
                  },
                ],
                "type": "rich_text_section",
              },
            ],
            "type": "rich_text",
          },
          {
            "elements": [
              {
                "elements": [
                  {
                    "name": "large_yellow_square",
                    "type": "emoji",
                  },
                  {
                    "text": " 2",
                    "type": "text",
                  },
                ],
                "type": "rich_text_section",
              },
            ],
            "type": "rich_text",
          },
        ],
      ],
      "type": "table",
    },
    {
      "elements": [
        {
          "text": "🟩 everyone · 🟨 half or more · 🟧 a few · ⬜ nobody",
          "type": "mrkdwn",
        },
      ],
      "type": "context",
    },
    {
      "elements": [
        {
          "text": "Responded: <@U0001>, <@U0002>, <@U0003>, <@U0004>",
          "type": "mrkdwn",
        },
      ],
      "type": "context",
    },
    {
      "block_id": "poll_actions_00000000-0000-4000-8000-000000000001",
      "elements": [
        {
          "action_id": "respond_button",
          "style": "primary",
          "text": {
            "emoji": true,
            "text": "Add my availability",
            "type": "plain_text",
          },
          "type": "button",
          "value": "00000000-0000-4000-8000-000000000001",
        },
        {
          "action_id": "organizer_menu",
          "confirm": {
            "confirm": {
              "text": "Continue",
              "type": "plain_text",
            },
            "deny": {
              "text": "Cancel",
              "type": "plain_text",
            },
            "text": {
              "text": "Only the organizer can do this. Continue?",
              "type": "mrkdwn",
            },
            "title": {
              "text": "Organizer action",
              "type": "plain_text",
            },
          },
          "options": [
            {
              "text": {
                "text": "Pick final time",
                "type": "plain_text",
              },
              "value": "pick_time",
            },
            {
              "text": {
                "text": "Close poll",
                "type": "plain_text",
              },
              "value": "close_poll",
            },
            {
              "text": {
                "text": "Delete poll",
                "type": "plain_text",
              },
              "value": "delete_poll",
            },
          ],
          "type": "overflow",
        },
      ],
      "type": "actions",
    },
  ],
  "text": "📅 Sprint planning — availability poll",
}
`;
